127.0.0.1 - - [05/May/2019:11:55:11 +0800] "GET / HTTP/1.0" 200 57 http-bio-8092-exec-1 263
0:0:0:0:0:0:0:1 - - [05/May/2019:11:55:11 +0800] "GET /favicon.ico HTTP/1.0" 404 973 http-bio-8092-exec-2 5
127.0.0.1 - - [05/May/2019:11:55:18 +0800] "GET /index HTTP/1.0" 404 961 http-bio-8092-exec-3 4
0:0:0:0:0:0:0:1 - - [05/May/2019:11:55:26 +0800] "GET /js/base-v1.js HTTP/1.0" 200 10571 http-bio-8092-exec-6 183
0:0:0:0:0:0:0:1 - - [05/May/2019:11:55:26 +0800] "GET /index.html HTTP/1.0" 200 107072 http-bio-8092-exec-4 809
127.0.0.1 - - [05/May/2019:11:55:26 +0800] "GET /css/jt.css HTTP/1.0" 200 109779 http-bio-8092-exec-5 214
127.0.0.1 - - [05/May/2019:11:55:26 +0800] "GET /images/jt-logo.png HTTP/1.0" 200 91567 http-bio-8092-exec-7 219
0:0:0:0:0:0:0:1 - - [05/May/2019:11:55:26 +0800] "GET /js/jquery-1.2.6.min.js HTTP/1.0" 200 30775 http-bio-8092-exec-8 35
127.0.0.1 - - [05/May/2019:11:55:26 +0800] "GET /js/jquery-extend.js HTTP/1.0" 200 1802 http-bio-8092-exec-9 70
0:0:0:0:0:0:0:1 - - [05/May/2019:11:55:26 +0800] "GET /js/lib-v1.js HTTP/1.0" 200 122650 http-bio-8092-exec-10 79
127.0.0.1 - - [05/May/2019:11:55:26 +0800] "GET /js/jt.js HTTP/1.0" 200 796 http-bio-8092-exec-1 31
0:0:0:0:0:0:0:1 - - [05/May/2019:11:55:26 +0800] "GET /js/home.js HTTP/1.0" 200 50433 http-bio-8092-exec-2 44
127.0.0.1 - - [05/May/2019:11:55:26 +0800] "GET /images/20130725.png HTTP/1.0" 200 275 http-bio-8092-exec-3 50
0:0:0:0:0:0:0:1 - - [05/May/2019:11:55:26 +0800] "GET /images/20130330A_2.png HTTP/1.0" 200 8252 http-bio-8092-exec-6 94
127.0.0.1 - - [05/May/2019:11:55:26 +0800] "GET /images/blank.gif HTTP/1.0" 200 49 http-bio-8092-exec-4 47
0:0:0:0:0:0:0:1 - - [05/May/2019:11:55:26 +0800] "GET /images/20130330C.png HTTP/1.0" 200 6900 http-bio-8092-exec-10 28
0:0:0:0:0:0:0:1 - - [05/May/2019:11:55:26 +0800] "GET /images/20130330B_1.png HTTP/1.0" 200 4620 http-bio-8092-exec-5 165
127.0.0.1 - - [05/May/2019:11:55:26 +0800] "GET /images/loading-jd.gif HTTP/1.0" 200 166 http-bio-8092-exec-7 165
127.0.0.1 - - [05/May/2019:11:55:26 +0800] "GET /images/virtuals-20140606.png HTTP/1.0" 200 3316 http-bio-8092-exec-9 220
0:0:0:0:0:0:0:1 - - [05/May/2019:11:55:26 +0800] "GET /images/5440ce68Na00d019e.jpg HTTP/1.0" 200 10107 http-bio-8092-exec-8 233
0:0:0:0:0:0:0:1 - - [05/May/2019:11:55:27 +0800] "GET /images/543b4d75N686689d7.jpg HTTP/1.0" 200 10963 http-bio-8092-exec-2 119
127.0.0.1 - - [05/May/2019:11:55:27 +0800] "GET /images/error-jd.gif HTTP/1.0" 200 2097 http-bio-8092-exec-1 131
127.0.0.1 - - [05/May/2019:11:55:39 +0800] "GET /items/562379.html HTTP/1.0" 500 5741 http-bio-8092-exec-3 2354
0:0:0:0:0:0:0:1 - - [05/May/2019:11:55:43 +0800] "GET /images/15.png HTTP/1.0" 200 1311 http-bio-8092-exec-6 35
127.0.0.1 - - [05/May/2019:11:56:24 +0800] "GET /items/562379.html HTTP/1.0" 200 43454 http-bio-8092-exec-4 3531
0:0:0:0:0:0:0:1 - - [05/May/2019:11:56:24 +0800] "GET /css/pshow.css HTTP/1.0" 200 148689 http-bio-8092-exec-10 32
0:0:0:0:0:0:0:1 - - [05/May/2019:11:56:24 +0800] "GET /js/iplocation_server.js HTTP/1.0" 200 132907 http-bio-8092-exec-7 49
127.0.0.1 - - [05/May/2019:11:56:24 +0800] "GET /js/product.js HTTP/1.0" 200 201310 http-bio-8092-exec-5 72
127.0.0.1 - - [05/May/2019:11:56:24 +0800] "GET /images/tab.png HTTP/1.0" 200 256 http-bio-8092-exec-2 5
127.0.0.1 - - [05/May/2019:11:56:24 +0800] "GET /images/newicon20140417.png HTTP/1.0" 200 19662 http-bio-8092-exec-9 94
0:0:0:0:0:0:0:1 - - [05/May/2019:11:56:24 +0800] "GET /images/p-btns-20140611.png HTTP/1.0" 200 39273 http-bio-8092-exec-8 18
0:0:0:0:0:0:0:1 - - [05/May/2019:11:56:26 +0800] "GET /images/loading.gif HTTP/1.0" 200 1849 http-bio-8092-exec-1 3
127.0.0.1 - - [05/May/2019:11:56:49 +0800] "POST /cart/add/562379.html HTTP/1.0" 302 - http-bio-8092-exec-3 1284
0:0:0:0:0:0:0:1 - - [05/May/2019:11:56:50 +0800] "GET /cart/show.html HTTP/1.0" 200 20610 http-bio-8092-exec-6 120
127.0.0.1 - - [05/May/2019:11:56:50 +0800] "GET /js/cart.js HTTP/1.0" 200 1587 http-bio-8092-exec-7 24
0:0:0:0:0:0:0:1 - - [05/May/2019:11:56:50 +0800] "GET /js/jquery.price_format.2.0.min.js HTTP/1.0" 200 2652 http-bio-8092-exec-5 47
127.0.0.1 - - [05/May/2019:11:56:50 +0800] "GET /css/base.css HTTP/1.0" 200 48835 http-bio-8092-exec-4 73
0:0:0:0:0:0:0:1 - - [05/May/2019:11:56:50 +0800] "GET /css/purchase.2012.css?v=201410141639 HTTP/1.0" 200 63323 http-bio-8092-exec-10 76
127.0.0.1 - - [05/May/2019:11:56:50 +0800] "GET /images/step1.png HTTP/1.0" 200 739 http-bio-8092-exec-2 51
127.0.0.1 - - [05/May/2019:11:56:50 +0800] "GET /images/control-icon-20140521.png HTTP/1.0" 200 354 http-bio-8092-exec-3 51
0:0:0:0:0:0:0:1 - - [05/May/2019:11:56:50 +0800] "GET /images/cart_corner_1.png HTTP/1.0" 200 172 http-bio-8092-exec-1 51
0:0:0:0:0:0:0:1 - - [05/May/2019:11:56:50 +0800] "GET /images/my_cart_title.png HTTP/1.0" 200 867 http-bio-8092-exec-9 64
127.0.0.1 - - [05/May/2019:11:56:50 +0800] "GET /images/btn-bg-1.png HTTP/1.0" 200 3469 http-bio-8092-exec-8 74
0:0:0:0:0:0:0:1 - - [05/May/2019:11:56:50 +0800] "GET /images/btn-check-20140627.png HTTP/1.0" 200 6940 http-bio-8092-exec-6 76
127.0.0.1 - - [05/May/2019:11:57:00 +0800] "POST /service/cart/update/num/1474391927/2 HTTP/1.0" 200 47 http-bio-8092-exec-7 270
0:0:0:0:0:0:0:1 - - [05/May/2019:11:57:01 +0800] "POST /service/cart/update/num/1474391927/1 HTTP/1.0" 200 47 http-bio-8092-exec-5 100
127.0.0.1 - - [05/May/2019:11:57:14 +0800] "POST /service/cart/update/num/1474391927/2 HTTP/1.0" 200 47 http-bio-8092-exec-4 96
0:0:0:0:0:0:0:1 - - [05/May/2019:11:57:16 +0800] "POST /service/cart/update/num/1474391927/1 HTTP/1.0" 200 47 http-bio-8092-exec-10 60
127.0.0.1 - - [05/May/2019:11:57:18 +0800] "POST /service/cart/update/num/1474391927/2 HTTP/1.0" 200 47 http-bio-8092-exec-2 122
0:0:0:0:0:0:0:1 - - [05/May/2019:11:57:21 +0800] "POST /service/cart/update/num/1474391927/1 HTTP/1.0" 200 47 http-bio-8092-exec-3 84
127.0.0.1 - - [05/May/2019:11:57:22 +0800] "GET /cart/delete/1474391927.html HTTP/1.0" 404 1005 http-bio-8092-exec-1 14
0:0:0:0:0:0:0:1 - - [05/May/2019:14:33:38 +0800] "GET /index.html HTTP/1.0" 200 107072 http-bio-8092-exec-9 140
127.0.0.1 - - [05/May/2019:14:33:40 +0800] "GET /favicon.ico HTTP/1.0" 404 973 http-bio-8092-exec-8 3
0:0:0:0:0:0:0:1 - - [05/May/2019:14:33:43 +0800] "GET /cart/show.html HTTP/1.0" 200 20610 http-bio-8092-exec-6 118
127.0.0.1 - - [05/May/2019:14:33:46 +0800] "GET /cart/delete/1474391927.html HTTP/1.0" 404 1005 http-bio-8092-exec-7 6
0:0:0:0:0:0:0:1 - - [05/May/2019:14:33:59 +0800] "GET /cart/delete/1474391927.html HTTP/1.0" 404 1005 http-bio-8092-exec-5 6
127.0.0.1 - - [05/May/2019:14:39:05 +0800] "GET /cart/show.html HTTP/1.0" 200 20610 http-bio-8092-exec-1 897
0:0:0:0:0:0:0:1 - - [05/May/2019:14:39:08 +0800] "GET /cart/delete/1474391927.html HTTP/1.0" 302 - http-bio-8092-exec-2 454
127.0.0.1 - - [05/May/2019:14:39:08 +0800] "GET /cart/show.html HTTP/1.0" 200 18380 http-bio-8092-exec-3 44
0:0:0:0:0:0:0:1 - - [05/May/2019:14:39:16 +0800] "POST /service/cart/update/num/562379/9 HTTP/1.0" 200 47 http-bio-8092-exec-4 140
127.0.0.1 - - [05/May/2019:14:39:16 +0800] "POST /service/cart/update/num/562379/10 HTTP/1.0" 200 47 http-bio-8092-exec-5 92
0:0:0:0:0:0:0:1 - - [05/May/2019:14:39:17 +0800] "POST /service/cart/update/num/562379/11 HTTP/1.0" 200 47 http-bio-8092-exec-6 53
127.0.0.1 - - [05/May/2019:14:44:04 +0800] "GET /cart/show.html HTTP/1.0" 200 18380 http-bio-8092-exec-7 92
0:0:0:0:0:0:0:1 - - [05/May/2019:14:44:10 +0800] "GET /cart/delete/562379.html HTTP/1.0" 302 - http-bio-8092-exec-8 98
127.0.0.1 - - [05/May/2019:14:44:10 +0800] "GET /cart/show.html HTTP/1.0" 200 18380 http-bio-8092-exec-9 24
0:0:0:0:0:0:0:1 - - [05/May/2019:14:44:20 +0800] "GET /cart/delete/562379.html HTTP/1.0" 302 - http-bio-8092-exec-10 22
127.0.0.1 - - [05/May/2019:14:44:21 +0800] "GET /cart/show.html HTTP/1.0" 200 18380 http-bio-8092-exec-1 28
0:0:0:0:0:0:0:1 - - [05/May/2019:14:44:34 +0800] "GET /cart/delete/562379.html HTTP/1.0" 302 - http-bio-8092-exec-2 31
127.0.0.1 - - [05/May/2019:14:44:34 +0800] "GET /cart/show.html HTTP/1.0" 200 18380 http-bio-8092-exec-3 29
0:0:0:0:0:0:0:1 - - [05/May/2019:14:44:54 +0800] "GET /index.html HTTP/1.0" 200 107072 http-bio-8092-exec-4 44
127.0.0.1 - - [05/May/2019:14:44:58 +0800] "GET /items/562379.html HTTP/1.0" 200 43454 http-bio-8092-exec-5 750
0:0:0:0:0:0:0:1 - - [05/May/2019:14:45:01 +0800] "POST /cart/add/562379.html HTTP/1.0" 302 - http-bio-8092-exec-6 145
127.0.0.1 - - [05/May/2019:14:45:01 +0800] "GET /cart/show.html HTTP/1.0" 200 18380 http-bio-8092-exec-7 33
0:0:0:0:0:0:0:1 - - [05/May/2019:14:45:04 +0800] "GET /cart/delete/562379.html HTTP/1.0" 302 - http-bio-8092-exec-8 19
127.0.0.1 - - [05/May/2019:14:45:04 +0800] "GET /cart/show.html HTTP/1.0" 200 18380 http-bio-8092-exec-9 19
0:0:0:0:0:0:0:1 - - [05/May/2019:14:45:05 +0800] "POST /service/cart/update/num/562379/11 HTTP/1.0" 200 47 http-bio-8092-exec-10 138
127.0.0.1 - - [05/May/2019:14:45:06 +0800] "GET /cart/delete/562379.html HTTP/1.0" 302 - http-bio-8092-exec-1 21
0:0:0:0:0:0:0:1 - - [05/May/2019:14:45:06 +0800] "GET /cart/show.html HTTP/1.0" 200 18380 http-bio-8092-exec-2 23
127.0.0.1 - - [05/May/2019:14:46:19 +0800] "GET /cart/show.html HTTP/1.0" 200 18380 http-bio-8092-exec-3 302
0:0:0:0:0:0:0:1 - - [05/May/2019:14:46:21 +0800] "GET /cart/delete/562379.html HTTP/1.0" 302 - http-bio-8092-exec-4 112
127.0.0.1 - - [05/May/2019:14:46:21 +0800] "GET /cart/show.html HTTP/1.0" 200 16159 http-bio-8092-exec-5 20
0:0:0:0:0:0:0:1 - - [05/May/2019:14:46:37 +0800] "POST /cart/add/562379.html HTTP/1.0" 302 - http-bio-8092-exec-6 147
127.0.0.1 - - [05/May/2019:14:46:38 +0800] "GET /cart/show.html HTTP/1.0" 200 18377 http-bio-8092-exec-7 23
0:0:0:0:0:0:0:1 - - [05/May/2019:14:46:46 +0800] "POST /service/cart/update/num/562379/2 HTTP/1.0" 200 47 http-bio-8092-exec-8 112
127.0.0.1 - - [05/May/2019:14:46:47 +0800] "POST /service/cart/update/num/562379/1 HTTP/1.0" 200 47 http-bio-8092-exec-9 78
0:0:0:0:0:0:0:1 - - [05/May/2019:14:46:49 +0800] "GET /cart/delete/562379.html HTTP/1.0" 302 - http-bio-8092-exec-10 55
127.0.0.1 - - [05/May/2019:14:46:49 +0800] "GET /cart/show.html HTTP/1.0" 200 16159 http-bio-8092-exec-1 19
0:0:0:0:0:0:0:1 - - [05/May/2019:16:57:28 +0800] "GET /cart/show.html HTTP/1.0" 302 - http-bio-8092-exec-1 62
127.0.0.1 - - [05/May/2019:16:57:28 +0800] "GET /user/login.html HTTP/1.0" 200 12393 http-bio-8092-exec-2 138
0:0:0:0:0:0:0:1 - - [05/May/2019:16:57:28 +0800] "GET /css/login.css HTTP/1.0" 200 28031 http-bio-8092-exec-3 8
0:0:0:0:0:0:0:1 - - [05/May/2019:16:57:28 +0800] "GET /js/login/jdEdit.js HTTP/1.0" 200 16390 http-bio-8092-exec-5 3
127.0.0.1 - - [05/May/2019:16:57:28 +0800] "GET /js/login/g.base.js HTTP/1.0" 200 11811 http-bio-8092-exec-4 16
0:0:0:0:0:0:0:1 - - [05/May/2019:16:57:28 +0800] "GET /js/login/jdThickBox.js HTTP/1.0" 200 9155 http-bio-8092-exec-7 19
127.0.0.1 - - [05/May/2019:16:57:28 +0800] "GET /js/login/login.js HTTP/1.0" 200 25641 http-bio-8092-exec-6 9
127.0.0.1 - - [05/May/2019:16:57:29 +0800] "GET /js/login/checkClient.js HTTP/1.0" 200 1627 http-bio-8092-exec-8 1
0:0:0:0:0:0:0:1 - - [05/May/2019:16:57:29 +0800] "GET /images/login-all-bg.png HTTP/1.0" 200 12219 http-bio-8092-exec-9 3
127.0.0.1 - - [05/May/2019:16:57:29 +0800] "GET /images/544a11d3Na5a3d566.png HTTP/1.0" 200 195803 http-bio-8092-exec-10 9
0:0:0:0:0:0:0:1 - - [05/May/2019:16:57:45 +0800] "GET /images/sucess.png HTTP/1.0" 200 341 http-bio-8092-exec-1 11
127.0.0.1 - - [05/May/2019:16:57:52 +0800] "POST /service/user/doLogin?r=0.11177312522193916 HTTP/1.0" 200 64 http-bio-8092-exec-2 562
0:0:0:0:0:0:0:1 - - [05/May/2019:16:58:02 +0800] "POST /service/user/doLogin?r=0.026904043507185893 HTTP/1.0" 200 64 http-bio-8092-exec-3 20
127.0.0.1 - - [05/May/2019:16:58:07 +0800] "POST /service/user/doLogin?r=0.5782728858607344 HTTP/1.0" 200 64 http-bio-8092-exec-5 17
0:0:0:0:0:0:0:1 - - [05/May/2019:16:58:11 +0800] "POST /service/user/doLogin?r=0.49191474123797274 HTTP/1.0" 200 64 http-bio-8092-exec-4 21
127.0.0.1 - - [05/May/2019:16:58:27 +0800] "POST /service/user/doLogin?r=0.9840755546678823 HTTP/1.0" 200 64 http-bio-8092-exec-6 16
0:0:0:0:0:0:0:1 - - [05/May/2019:16:58:39 +0800] "GET /user/register.html HTTP/1.0" 200 25538 http-bio-8092-exec-7 59
127.0.0.1 - - [05/May/2019:16:58:39 +0800] "GET /css/regist.personal.css HTTP/1.0" 200 14124 http-bio-8092-exec-8 4
0:0:0:0:0:0:0:1 - - [05/May/2019:16:58:39 +0800] "GET /js/register/jd.lib.js HTTP/1.0" 200 37647 http-bio-8092-exec-1 6
127.0.0.1 - - [05/May/2019:16:58:39 +0800] "GET /js/register/jdThickBox.js HTTP/1.0" 200 8834 http-bio-8092-exec-2 2
0:0:0:0:0:0:0:1 - - [05/May/2019:16:58:39 +0800] "GET /css/passport.base.css HTTP/1.0" 200 12504 http-bio-8092-exec-9 20
127.0.0.1 - - [05/May/2019:16:58:39 +0800] "GET /images/phone-bg.jpg HTTP/1.0" 200 16960 http-bio-8092-exec-10 25
0:0:0:0:0:0:0:1 - - [05/May/2019:16:58:39 +0800] "GET /js/register/jdValidate.js HTTP/1.0" 200 83661 http-bio-8092-exec-3 4
127.0.0.1 - - [05/May/2019:16:58:39 +0800] "GET /js/register/jdValidate.emReg.js HTTP/1.0" 200 7706 http-bio-8092-exec-5 3
0:0:0:0:0:0:0:1 - - [05/May/2019:16:58:39 +0800] "GET /js/register/jdValidate.regSuccess.js HTTP/1.0" 200 15688 http-bio-8092-exec-4 3
127.0.0.1 - - [05/May/2019:16:58:39 +0800] "GET /images/20130330A.png HTTP/1.0" 200 2478 http-bio-8092-exec-6 4
127.0.0.1 - - [05/May/2019:16:58:39 +0800] "GET /images/regist-word.png HTTP/1.0" 200 809 http-bio-8092-exec-8 2
0:0:0:0:0:0:0:1 - - [05/May/2019:16:58:39 +0800] "GET /images/one5.jpg HTTP/1.0" 200 491 http-bio-8092-exec-7 14
0:0:0:0:0:0:0:1 - - [05/May/2019:16:58:39 +0800] "GET /images/one4.jpg HTTP/1.0" 200 434 http-bio-8092-exec-1 2
0:0:0:0:0:0:0:1 - - [05/May/2019:16:58:39 +0800] "GET /images/regist-btn.jpg HTTP/1.0" 200 4226 http-bio-8092-exec-9 3
127.0.0.1 - - [05/May/2019:16:58:39 +0800] "GET /images/one6.jpg HTTP/1.0" 200 524 http-bio-8092-exec-2 3
127.0.0.1 - - [05/May/2019:16:59:05 +0800] "GET /images/pwdstrength.gif HTTP/1.0" 200 753 http-bio-8092-exec-10 4
0:0:0:0:0:0:0:1 - - [05/May/2019:16:59:15 +0800] "GET /images/hover-btn.jpg HTTP/1.0" 200 4223 http-bio-8092-exec-3 5
0:0:0:0:0:0:0:1 - - [05/May/2019:16:59:48 +0800] "GET /images/wait-btn.jpg HTTP/1.0" 200 2741 http-bio-8092-exec-4 3
127.0.0.1 - - [05/May/2019:16:59:49 +0800] "POST /service/user/doRegister HTTP/1.0" 200 47 http-bio-8092-exec-5 437
127.0.0.1 - - [05/May/2019:16:59:49 +0800] "GET /images/icon48.png HTTP/1.0" 200 391 http-bio-8092-exec-6 2
0:0:0:0:0:0:0:1 - - [05/May/2019:16:59:49 +0800] "GET /images/bg_thickbox.gif HTTP/1.0" 200 777 http-bio-8092-exec-8 2
127.0.0.1 - - [05/May/2019:16:59:55 +0800] "GET /user/login.html HTTP/1.0" 200 12393 http-bio-8092-exec-7 12
0:0:0:0:0:0:0:1 - - [05/May/2019:17:00:04 +0800] "POST /service/user/doLogin?r=0.8627022238638884 HTTP/1.0" 200 64 http-bio-8092-exec-1 95
127.0.0.1 - - [05/May/2019:17:00:14 +0800] "POST /service/user/doLogin?r=0.368899796717868 HTTP/1.0" 200 64 http-bio-8092-exec-9 24
0:0:0:0:0:0:0:1 - - [05/May/2019:17:00:19 +0800] "POST /service/user/doLogin?r=0.858925980182746 HTTP/1.0" 200 64 http-bio-8092-exec-2 12
127.0.0.1 - - [05/May/2019:17:00:48 +0800] "POST /service/user/doRegister HTTP/1.0" 200 47 http-bio-8092-exec-10 101
0:0:0:0:0:0:0:1 - - [05/May/2019:17:00:51 +0800] "GET /user/login.html HTTP/1.0" 200 12393 http-bio-8092-exec-3 9
127.0.0.1 - - [05/May/2019:17:00:59 +0800] "POST /service/user/doLogin?r=0.9317460202575516 HTTP/1.0" 200 64 http-bio-8092-exec-4 18
0:0:0:0:0:0:0:1 - - [05/May/2019:17:01:28 +0800] "POST /service/user/doLogin?r=0.5621474265393582 HTTP/1.0" 200 64 http-bio-8092-exec-5 29
127.0.0.1 - - [05/May/2019:17:02:07 +0800] "POST /service/user/doLogin?r=0.752404288366372 HTTP/1.0" 200 64 http-bio-8092-exec-6 22
0:0:0:0:0:0:0:1 - - [05/May/2019:17:02:31 +0800] "POST /service/user/doLogin?r=0.2000654322367763 HTTP/1.0" 200 64 http-bio-8092-exec-8 25
127.0.0.1 - - [05/May/2019:17:07:47 +0800] "GET /user/login.html HTTP/1.0" 200 12393 http-bio-8092-exec-7 8
0:0:0:0:0:0:0:1 - - [05/May/2019:17:07:53 +0800] "POST /service/user/doLogin?r=0.6181808236309863 HTTP/1.0" 200 64 http-bio-8092-exec-1 77
127.0.0.1 - - [05/May/2019:17:09:18 +0800] "POST /service/user/doLogin?r=0.14407052368229079 HTTP/1.0" 200 64 http-bio-8092-exec-9 94
0:0:0:0:0:0:0:1 - - [05/May/2019:17:09:20 +0800] "POST /service/user/doLogin?r=0.2076409531427943 HTTP/1.0" 200 64 http-bio-8092-exec-2 19
127.0.0.1 - - [05/May/2019:17:09:20 +0800] "POST /service/user/doLogin?r=0.42697375851290964 HTTP/1.0" 200 64 http-bio-8092-exec-10 18
0:0:0:0:0:0:0:1 - - [05/May/2019:17:09:21 +0800] "POST /service/user/doLogin?r=0.8443776966321137 HTTP/1.0" 200 64 http-bio-8092-exec-3 19
127.0.0.1 - - [05/May/2019:17:09:22 +0800] "POST /service/user/doLogin?r=0.47075161984766734 HTTP/1.0" 200 64 http-bio-8092-exec-4 16
0:0:0:0:0:0:0:1 - - [05/May/2019:17:09:23 +0800] "POST /service/user/doLogin?r=0.0568486070987968 HTTP/1.0" 200 64 http-bio-8092-exec-5 17
127.0.0.1 - - [05/May/2019:17:09:24 +0800] "POST /service/user/doLogin?r=0.34566106575136923 HTTP/1.0" 200 64 http-bio-8092-exec-6 22
0:0:0:0:0:0:0:1 - - [05/May/2019:17:09:24 +0800] "POST /service/user/doLogin?r=0.31327045278665633 HTTP/1.0" 200 64 http-bio-8092-exec-8 15
127.0.0.1 - - [05/May/2019:17:09:25 +0800] "POST /service/user/doLogin?r=0.4923754289103821 HTTP/1.0" 200 64 http-bio-8092-exec-7 15
0:0:0:0:0:0:0:1 - - [05/May/2019:17:09:25 +0800] "POST /service/user/doLogin?r=0.58255514274865 HTTP/1.0" 200 64 http-bio-8092-exec-1 22
127.0.0.1 - - [05/May/2019:17:09:26 +0800] "POST /service/user/doLogin?r=0.7385793133834717 HTTP/1.0" 200 64 http-bio-8092-exec-9 15
0:0:0:0:0:0:0:1 - - [05/May/2019:17:09:27 +0800] "POST /service/user/doLogin?r=0.8824591384493379 HTTP/1.0" 200 64 http-bio-8092-exec-2 17
127.0.0.1 - - [05/May/2019:17:09:28 +0800] "POST /service/user/doLogin?r=0.6440288983947264 HTTP/1.0" 200 64 http-bio-8092-exec-10 14
0:0:0:0:0:0:0:1 - - [05/May/2019:17:09:28 +0800] "POST /service/user/doLogin?r=0.3102958250536485 HTTP/1.0" 200 64 http-bio-8092-exec-3 19
127.0.0.1 - - [05/May/2019:17:09:46 +0800] "POST /service/user/doLogin?r=0.939126504516836 HTTP/1.0" 200 64 http-bio-8092-exec-4 16
0:0:0:0:0:0:0:1 - - [05/May/2019:17:09:47 +0800] "GET /user/login.html HTTP/1.0" 200 12393 http-bio-8092-exec-5 7
127.0.0.1 - - [05/May/2019:17:09:54 +0800] "POST /service/user/doLogin?r=0.6351909511756015 HTTP/1.0" 200 64 http-bio-8092-exec-6 21
0:0:0:0:0:0:0:1 - - [05/May/2019:17:10:28 +0800] "POST /service/user/doLogin?r=0.3475988939994108 HTTP/1.0" 200 64 http-bio-8092-exec-8 118
127.0.0.1 - - [05/May/2019:17:10:50 +0800] "POST /service/user/doLogin?r=0.7932423583523671 HTTP/1.0" 200 64 http-bio-8092-exec-7 26
0:0:0:0:0:0:0:1 - - [05/May/2019:17:10:57 +0800] "POST /service/user/doLogin?r=0.4811463247788039 HTTP/1.0" 200 64 http-bio-8092-exec-1 24
127.0.0.1 - - [05/May/2019:17:12:33 +0800] "POST /service/user/doLogin?r=0.0005567893852913564 HTTP/1.0" 200 64 http-bio-8092-exec-9 40
0:0:0:0:0:0:0:1 - - [05/May/2019:17:12:35 +0800] "GET /user/login.html HTTP/1.0" 200 12393 http-bio-8092-exec-2 9
127.0.0.1 - - [05/May/2019:17:14:17 +0800] "POST /service/user/doLogin?r=0.5612591996609924 HTTP/1.0" 200 64 http-bio-8092-exec-10 49
0:0:0:0:0:0:0:1 - - [05/May/2019:17:18:47 +0800] "GET /user/login.html HTTP/1.0" 200 12393 http-bio-8092-exec-3 8
127.0.0.1 - - [05/May/2019:17:18:56 +0800] "POST /service/user/doLogin?r=0.24869914811840554 HTTP/1.0" 200 47 http-bio-8092-exec-4 375
0:0:0:0:0:0:0:1 - - [05/May/2019:17:18:56 +0800] "GET /index.html HTTP/1.0" 200 107072 http-bio-8092-exec-5 207
127.0.0.1 - - [05/May/2019:17:19:05 +0800] "GET /cart/show.html HTTP/1.0" 200 16159 http-bio-8092-exec-6 827
0:0:0:0:0:0:0:1 - - [05/May/2019:17:19:14 +0800] "GET / HTTP/1.0" 200 57 http-bio-8092-exec-8 12
127.0.0.1 - - [05/May/2019:17:19:20 +0800] "GET /items/562379.html HTTP/1.0" 200 43454 http-bio-8092-exec-7 1358
0:0:0:0:0:0:0:1 - - [05/May/2019:17:19:23 +0800] "POST /cart/add/562379.html HTTP/1.0" 302 - http-bio-8092-exec-1 202
127.0.0.1 - - [05/May/2019:17:19:23 +0800] "GET /cart/show.html HTTP/1.0" 200 18377 http-bio-8092-exec-9 48
0:0:0:0:0:0:0:1 - - [05/May/2019:17:19:26 +0800] "POST /service/cart/update/num/562379/3 HTTP/1.0" 200 47 http-bio-8092-exec-2 144
127.0.0.1 - - [05/May/2019:17:19:27 +0800] "POST /service/cart/update/num/562379/2 HTTP/1.0" 200 47 http-bio-8092-exec-10 88
0:0:0:0:0:0:0:1 - - [05/May/2019:17:19:43 +0800] "POST /service/cart/update/num/562379/1 HTTP/1.0" 200 47 http-bio-8092-exec-3 104
127.0.0.1 - - [05/May/2019:17:19:43 +0800] "GET /cart/delete/562379.html HTTP/1.0" 302 - http-bio-8092-exec-4 75
0:0:0:0:0:0:0:1 - - [05/May/2019:17:19:43 +0800] "GET /cart/show.html HTTP/1.0" 200 16159 http-bio-8092-exec-5 26
